<!DOCTYPE html>
<html lang="en">
<head>
    <meta http-equiv="refresh" content="0;URL=../../nserror/constant.NS_ERROR_XPATH_OPERATOR_EXPECTED.html">
</head>
<body>
    <p>Redirecting to <a href="../../nserror/constant.NS_ERROR_XPATH_OPERATOR_EXPECTED.html">../../nserror/constant.NS_ERROR_XPATH_OPERATOR_EXPECTED.html</a>...</p>
    <script>location.replace("../../nserror/constant.NS_ERROR_XPATH_OPERATOR_EXPECTED.html" + location.search + location.hash);</script>
</body>
</html>